---
source: tui/src/status/tests.rs
assertion_line: 223
expression: sanitized
---
/status

╭────────────────────────────────────────────╮
│  >_ OpenAI Codex                           │
│    Kysion Build v1.0.0  ·  based on offici │
│                                            │
│  Model:         gpt-5-codex (reasoning hig │
│  Directory: [[workspace]]                  │
│  Approval:      on-request                 │
│  Sandbox:       read-only                  │
│  Agents.md:     <none>                     │
│                                            │
│  Token Usage:   1.9K total  (1K input + 90 │
│  5h limit:      [███████████████░░░░░] 72% │
│                 · resets 03:14             │
╰────────────────────────────────────────────╯
